npm verbose cli C:\Program Files\nodejs\node.exe C:\Program Files\nodejs\node_modules\npm\bin\npm-cli.js
npm info using npm@11.13.0
npm info using node@v24.17.0
npm verbose title npm install
npm verbose argv "install" "--loglevel" "verbose"
npm verbose logfile logs-max:10 dir:C:\Users\stoph\AppData\Local\npm-cache\_logs\2026-07-23T00_47_58_241Z-
npm verbose logfile C:\Users\stoph\AppData\Local\npm-cache\_logs\2026-07-23T00_47_58_241Z-debug-0.log
npm http fetch GET 200 https://registry.npmjs.org/next 2390ms (cache revalidated)
npm http fetch GET 200 https://registry.npmjs.org/@opentelemetry%2fapi 7590ms (cache revalidated)
npm http fetch GET 200 https://registry.npmjs.org/@playwright%2ftest 995ms (cache revalidated)
npm http fetch GET 200 https://registry.npmjs.org/babel-plugin-react-compiler 809ms (cache revalidated)
npm http fetch GET 200 https://registry.npmjs.org/react 421ms (cache revalidated)
npm http fetch GET 200 https://registry.npmjs.org/react-dom 605ms (cache revalidated)
npm http fetch GET 200 https://registry.npmjs.org/sass 468ms (cache revalidated)
npm http fetch GET 200 https://registry.npmjs.org/@next%2fswc-darwin-x64 939ms (cache revalidated)
npm http fetch GET 200 https://registry.npmjs.org/@next%2fswc-darwin-arm64 1083ms (cache revalidated)
npm http fetch GET 200 https://registry.npmjs.org/@next%2fswc-linux-x64-gnu 1054ms (cache revalidated)
npm http fetch GET 200 https://registry.npmjs.org/@next%2fswc-linux-x64-musl 1077ms (cache revalidated)
npm http fetch GET 200 https://registry.npmjs.org/@next%2fswc-linux-arm64-gnu 1515ms (cache revalidated)
npm http fetch GET 200 https://registry.npmjs.org/@next%2fswc-linux-arm64-musl 1155ms (cache revalidated)
npm http fetch GET 200 https://registry.npmjs.org/@next%2fswc-win32-arm64-msvc 1223ms (cache revalidated)
npm http fetch GET 200 https://registry.npmjs.org/js-yaml 463ms (cache revalidated)
npm http fetch GET 200 https://registry.npmjs.org/argparse 405ms (cache miss)
npm http fetch GET 200 https://registry.npmjs.org/es-abstract 405ms (cache revalidated)
npm http fetch GET 200 https://registry.npmjs.org/which 354ms (cache miss)
npm http fetch GET 200 https://registry.npmjs.org/isexe 378ms (cache miss)
npm http fetch GET 200 https://registry.npmjs.org/resolve 398ms (cache revalidated)
npm http fetch GET 200 https://registry.npmjs.org/es-errors 394ms (cache revalidated)
npm http fetch GET 200 https://registry.npmjs.org/node-exports-info 370ms (cache revalidated)
npm http fetch GET 200 https://registry.npmjs.org/path-parse 362ms (cache revalidated)
npm http fetch GET 200 https://registry.npmjs.org/supports-preserve-symlinks-flag 362ms (cache revalidated)
npm http fetch GET 200 https://registry.npmjs.org/zod 419ms (cache revalidated)
npm http fetch GET 200 https://registry.npmjs.org/acorn 571ms (cache revalidated)
npm http fetch GET 200 https://registry.npmjs.org/@tailwindcss%2foxide-darwin-arm64 1104ms (cache revalidated)
npm http fetch GET 200 https://registry.npmjs.org/@tailwindcss%2foxide-linux-arm64-musl 1137ms (cache revalidated)
npm http fetch GET 200 https://registry.npmjs.org/@tailwindcss%2foxide-linux-arm64-gnu 881ms (cache revalidated)
npm http fetch GET 200 https://registry.npmjs.org/@tailwindcss%2foxide-linux-x64-musl 916ms (cache revalidated)
npm http fetch GET 200 https://registry.npmjs.org/@tailwindcss%2foxide-linux-x64-gnu 1115ms (cache revalidated)
npm http fetch GET 200 https://registry.npmjs.org/@tailwindcss%2foxide-wasm32-wasi 950ms (cache revalidated)
npm http fetch GET 200 https://registry.npmjs.org/@tailwindcss%2foxide-freebsd-x64 911ms (cache revalidated)
npm http fetch GET 200 https://registry.npmjs.org/@tailwindcss%2foxide-win32-arm64-msvc 1236ms (cache revalidated)
npm http fetch GET 200 https://registry.npmjs.org/@tailwindcss%2foxide-linux-arm-gnueabihf 1224ms (cache revalidated)
npm http fetch GET 200 https://registry.npmjs.org/@tailwindcss%2foxide-darwin-x64 1061ms (cache revalidated)
npm http fetch GET 200 https://registry.npmjs.org/@tailwindcss%2foxide-android-arm64 883ms (cache revalidated)
npm warn ERESOLVE overriding peer dependency
npm warn While resolving: zod-validation-error@4.0.2
npm warn Found: zod@undefined
npm warn node_modules/eslint-plugin-react-hooks/node_modules/zod
npm warn
npm warn Could not resolve dependency:
npm warn peer zod@"^3.25.0 || ^4.0.0" from zod-validation-error@4.0.2
npm warn node_modules/eslint-plugin-react-hooks/node_modules/zod-validation-error
npm warn   zod-validation-error@"^3.5.0 || ^4.0.0" from eslint-plugin-react-hooks@7.1.1
npm warn   node_modules/eslint-plugin-react-hooks
npm http fetch GET 200 https://registry.npmjs.org/array-buffer-byte-length 689ms (cache revalidated)
npm http fetch GET 200 https://registry.npmjs.org/arraybuffer.prototype.slice 402ms (cache revalidated)
npm http fetch GET 200 https://registry.npmjs.org/available-typed-arrays 392ms (cache revalidated)
npm http fetch GET 200 https://registry.npmjs.org/call-bind 387ms (cache revalidated)
npm http fetch GET 200 https://registry.npmjs.org/call-bound 360ms (cache revalidated)
npm http fetch GET 200 https://registry.npmjs.org/data-view-buffer 368ms (cache revalidated)
npm http fetch GET 200 https://registry.npmjs.org/data-view-byte-length 388ms (cache revalidated)
npm http fetch GET 200 https://registry.npmjs.org/data-view-byte-offset 405ms (cache revalidated)
npm http fetch GET 200 https://registry.npmjs.org/es-define-property 399ms (cache revalidated)
npm http fetch GET 200 https://registry.npmjs.org/es-object-atoms 376ms (cache revalidated)
npm http fetch GET 200 https://registry.npmjs.org/es-set-tostringtag 384ms (cache revalidated)
npm http fetch GET 200 https://registry.npmjs.org/es-to-primitive 376ms (cache revalidated)
npm http fetch GET 200 https://registry.npmjs.org/function.prototype.name 379ms (cache revalidated)
npm http fetch GET 200 https://registry.npmjs.org/get-intrinsic 371ms (cache revalidated)
npm http fetch GET 200 https://registry.npmjs.org/get-proto 431ms (cache revalidated)
npm http fetch GET 200 https://registry.npmjs.org/get-symbol-description 446ms (cache revalidated)
npm http fetch GET 200 https://registry.npmjs.org/globalthis 425ms (cache revalidated)
npm http fetch GET 200 https://registry.npmjs.org/gopd 386ms (cache revalidated)
npm http fetch GET 200 https://registry.npmjs.org/has-property-descriptors 380ms (cache revalidated)
npm http fetch GET 200 https://registry.npmjs.org/has-proto 370ms (cache revalidated)
npm http fetch GET 200 https://registry.npmjs.org/has-symbols 371ms (cache revalidated)
npm http fetch GET 200 https://registry.npmjs.org/hasown 386ms (cache revalidated)
npm http fetch GET 200 https://registry.npmjs.org/internal-slot 402ms (cache revalidated)
npm http fetch GET 200 https://registry.npmjs.org/is-array-buffer 403ms (cache revalidated)
npm http fetch GET 200 https://registry.npmjs.org/is-callable 398ms (cache revalidated)
npm http fetch GET 200 https://registry.npmjs.org/is-data-view 381ms (cache revalidated)
npm http fetch GET 200 https://registry.npmjs.org/is-negative-zero 407ms (cache revalidated)
npm http fetch GET 200 https://registry.npmjs.org/is-regex 374ms (cache revalidated)
npm http fetch GET 200 https://registry.npmjs.org/is-set 399ms (cache revalidated)
npm http fetch GET 200 https://registry.npmjs.org/is-shared-array-buffer 378ms (cache revalidated)
npm http fetch GET 200 https://registry.npmjs.org/is-string 346ms (cache revalidated)
npm http fetch GET 200 https://registry.npmjs.org/is-typed-array 417ms (cache revalidated)
npm http fetch GET 200 https://registry.npmjs.org/is-weakref 441ms (cache revalidated)
npm http fetch GET 200 https://registry.npmjs.org/math-intrinsics 446ms (cache revalidated)
npm http fetch GET 200 https://registry.npmjs.org/object-inspect 364ms (cache revalidated)
npm http fetch GET 200 https://registry.npmjs.org/object-keys 405ms (cache revalidated)
npm http fetch GET 200 https://registry.npmjs.org/object.assign 365ms (cache revalidated)
npm http fetch GET 200 https://registry.npmjs.org/own-keys 378ms (cache revalidated)
npm http fetch GET 200 https://registry.npmjs.org/regexp.prototype.flags 373ms (cache revalidated)
npm http fetch GET 200 https://registry.npmjs.org/safe-array-concat 359ms (cache revalidated)
npm http fetch GET 200 https://registry.npmjs.org/safe-push-apply 356ms (cache revalidated)
npm http fetch GET 200 https://registry.npmjs.org/safe-regex-test 357ms (cache revalidated)
npm http fetch GET 200 https://registry.npmjs.org/set-proto 390ms (cache revalidated)
npm http fetch GET 200 https://registry.npmjs.org/stop-iteration-iterator 361ms (cache revalidated)
npm http fetch GET 200 https://registry.npmjs.org/string.prototype.trim 370ms (cache revalidated)
npm http fetch GET 200 https://registry.npmjs.org/string.prototype.trimend 381ms (cache revalidated)
npm http fetch GET 200 https://registry.npmjs.org/string.prototype.trimstart 361ms (cache revalidated)
npm http fetch GET 200 https://registry.npmjs.org/typed-array-buffer 366ms (cache revalidated)
npm http fetch GET 200 https://registry.npmjs.org/typed-array-byte-length 356ms (cache revalidated)
npm http fetch GET 200 https://registry.npmjs.org/typed-array-byte-offset 364ms (cache revalidated)
npm http fetch GET 200 https://registry.npmjs.org/typed-array-length 352ms (cache revalidated)
npm http fetch GET 200 https://registry.npmjs.org/unbox-primitive 368ms (cache revalidated)
npm http fetch GET 200 https://registry.npmjs.org/which-typed-array 367ms (cache revalidated)
npm http fetch GET 200 https://registry.npmjs.org/lightningcss-darwin-x64 459ms (cache revalidated)
npm http fetch GET 200 https://registry.npmjs.org/lightningcss-linux-x64-gnu 401ms (cache revalidated)
npm http fetch GET 200 https://registry.npmjs.org/lightningcss-win32-arm64-msvc 370ms (cache revalidated)
npm http fetch GET 200 https://registry.npmjs.org/lightningcss-darwin-arm64 414ms (cache revalidated)
npm http fetch GET 200 https://registry.npmjs.org/lightningcss-linux-arm64-gnu 379ms (cache revalidated)
npm http fetch GET 200 https://registry.npmjs.org/lightningcss-linux-arm-gnueabihf 367ms (cache revalidated)
npm http fetch GET 200 https://registry.npmjs.org/lightningcss-linux-arm64-musl 371ms (cache revalidated)
npm http fetch GET 200 https://registry.npmjs.org/lightningcss-linux-x64-musl 387ms (cache revalidated)
npm http fetch GET 200 https://registry.npmjs.org/lightningcss-freebsd-x64 393ms (cache revalidated)
npm http fetch GET 200 https://registry.npmjs.org/lightningcss-android-arm64 397ms (cache revalidated)
npm http fetch GET 200 https://registry.npmjs.org/@unrs%2fresolver-binding-darwin-arm64 945ms (cache revalidated)
npm http fetch GET 200 https://registry.npmjs.org/@unrs%2fresolver-binding-android-arm64 887ms (cache revalidated)
npm http fetch GET 200 https://registry.npmjs.org/@unrs%2fresolver-binding-win32-arm64-msvc 899ms (cache revalidated)
npm http fetch GET 200 https://registry.npmjs.org/@unrs%2fresolver-binding-linux-arm64-gnu 901ms (cache revalidated)
npm http fetch GET 200 https://registry.npmjs.org/@unrs%2fresolver-binding-linux-arm64-musl 907ms (cache revalidated)
npm http fetch GET 200 https://registry.npmjs.org/@unrs%2fresolver-binding-openharmony-arm64 855ms (cache revalidated)
npm http fetch GET 200 https://registry.npmjs.org/@unrs%2fresolver-binding-android-arm-eabi 868ms (cache revalidated)
npm http fetch GET 200 https://registry.npmjs.org/@unrs%2fresolver-binding-linux-arm-gnueabihf 916ms (cache revalidated)
npm http fetch GET 200 https://registry.npmjs.org/@unrs%2fresolver-binding-linux-arm-musleabihf 848ms (cache revalidated)
npm http fetch GET 200 https://registry.npmjs.org/@unrs%2fresolver-binding-win32-ia32-msvc 878ms (cache revalidated)
npm http fetch GET 200 https://registry.npmjs.org/@unrs%2fresolver-binding-linux-loong64-gnu 879ms (cache revalidated)
npm http fetch GET 200 https://registry.npmjs.org/@unrs%2fresolver-binding-linux-loong64-musl 917ms (cache revalidated)
npm http fetch GET 200 https://registry.npmjs.org/@unrs%2fresolver-binding-linux-ppc64-gnu 890ms (cache revalidated)
npm http fetch GET 200 https://registry.npmjs.org/@unrs%2fresolver-binding-linux-riscv64-gnu 873ms (cache revalidated)
npm http fetch GET 200 https://registry.npmjs.org/@unrs%2fresolver-binding-linux-riscv64-musl 941ms (cache revalidated)
npm http fetch GET 200 https://registry.npmjs.org/@unrs%2fresolver-binding-linux-s390x-gnu 1017ms (cache revalidated)
npm http fetch GET 200 https://registry.npmjs.org/@unrs%2fresolver-binding-wasm32-wasi 861ms (cache revalidated)
npm http fetch GET 200 https://registry.npmjs.org/@unrs%2fresolver-binding-darwin-x64 912ms (cache revalidated)
npm http fetch GET 200 https://registry.npmjs.org/@unrs%2fresolver-binding-freebsd-x64 918ms (cache revalidated)
npm http fetch GET 200 https://registry.npmjs.org/@unrs%2fresolver-binding-linux-x64-gnu 997ms (cache revalidated)
npm http fetch GET 200 https://registry.npmjs.org/@unrs%2fresolver-binding-linux-x64-musl 900ms (cache revalidated)
npm http fetch GET 200 https://registry.npmjs.org/@napi-rs%2fwasm-runtime 886ms (cache revalidated)
npm http fetch GET 200 https://registry.npmjs.org/@emnapi%2fcore 898ms (cache revalidated)
npm http fetch GET 200 https://registry.npmjs.org/@emnapi%2fruntime 881ms (cache revalidated)
npm http fetch GET 200 https://registry.npmjs.org/@emnapi%2fwasi-threads 895ms (cache revalidated)
npm http fetch GET 200 https://registry.npmjs.org/@tybys%2fwasm-util 870ms (cache revalidated)
npm http cache isexe@https://registry.npmjs.org/isexe/-/isexe-2.0.0.tgz 0ms (cache hit)
npm http cache argparse@https://registry.npmjs.org/argparse/-/argparse-2.0.1.tgz 0ms (cache hit)
npm http cache acorn@https://registry.npmjs.org/acorn/-/acorn-8.17.0.tgz 0ms (cache hit)
npm http cache which@https://registry.npmjs.org/which/-/which-2.0.2.tgz 0ms (cache hit)
npm http cache js-yaml@https://registry.npmjs.org/js-yaml/-/js-yaml-4.3.0.tgz 0ms (cache hit)
npm http cache es-errors@https://registry.npmjs.org/es-errors/-/es-errors-1.3.0.tgz 0ms (cache hit)
npm http cache es-abstract@https://registry.npmjs.org/es-abstract/-/es-abstract-1.24.2.tgz 0ms (cache hit)
npm http cache es-abstract@https://registry.npmjs.org/es-abstract/-/es-abstract-1.24.2.tgz 1ms (cache hit)
npm http cache es-abstract@https://registry.npmjs.org/es-abstract/-/es-abstract-1.24.2.tgz 0ms (cache hit)
npm http cache es-abstract@https://registry.npmjs.org/es-abstract/-/es-abstract-1.24.2.tgz 0ms (cache hit)
npm http cache es-abstract@https://registry.npmjs.org/es-abstract/-/es-abstract-1.24.2.tgz 0ms (cache hit)
npm http cache es-abstract@https://registry.npmjs.org/es-abstract/-/es-abstract-1.24.2.tgz 0ms (cache hit)
npm http cache es-abstract@https://registry.npmjs.org/es-abstract/-/es-abstract-1.24.2.tgz 0ms (cache hit)
npm http cache es-abstract@https://registry.npmjs.org/es-abstract/-/es-abstract-1.24.2.tgz 0ms (cache hit)
npm http cache es-abstract@https://registry.npmjs.org/es-abstract/-/es-abstract-1.24.2.tgz 0ms (cache hit)
npm http cache next@https://registry.npmjs.org/next/-/next-16.2.11.tgz 0ms (cache hit)
npm http cache es-abstract@https://registry.npmjs.org/es-abstract/-/es-abstract-1.24.2.tgz 0ms (cache hit)
npm http fetch POST 200 https://registry.npmjs.org/-/npm/v1/security/advisories/bulk 862ms
npm http fetch GET 200 https://registry.npmjs.org/eslint 3011ms (cache revalidated)
npm http fetch GET 200 https://registry.npmjs.org/update-browserslist-db 3137ms (cache revalidated)
npm http fetch GET 200 https://registry.npmjs.org/baseline-browser-mapping 3170ms (cache revalidated)
npm http fetch GET 200 https://registry.npmjs.org/semver 3236ms (cache revalidated)
npm http fetch GET 200 https://registry.npmjs.org/semver 3241ms (cache revalidated)
npm http fetch GET 200 https://registry.npmjs.org/semver 3521ms (cache revalidated)
npm http fetch GET 200 https://registry.npmjs.org/loose-envify 3679ms (cache revalidated)
npm http fetch GET 200 https://registry.npmjs.org/nanoid 3700ms (cache revalidated)
npm http fetch GET 200 https://registry.npmjs.org/typescript 3775ms (cache revalidated)
npm http fetch GET 200 https://registry.npmjs.org/napi-postinstall 3929ms (cache revalidated)
npm http fetch GET 200 https://registry.npmjs.org/jiti 3857ms (cache revalidated)
npm http fetch GET 200 https://registry.npmjs.org/json5 3912ms (cache revalidated)
npm http fetch GET 200 https://registry.npmjs.org/json5 4322ms (cache revalidated)
npm http fetch GET 200 https://registry.npmjs.org/semver 4332ms (cache revalidated)
npm http fetch GET 200 https://registry.npmjs.org/jsesc 5332ms (cache revalidated)
npm http fetch GET 200 https://registry.npmjs.org/postcss 4603ms (cache revalidated)
npm http fetch GET 200 https://registry.npmjs.org/sharp 4619ms (cache revalidated)
npm http fetch GET 200 https://registry.npmjs.org/browserslist 5696ms (cache revalidated)
npm http fetch GET 200 https://registry.npmjs.org/@babel%2fparser 5877ms (cache revalidated)
npm http cache https://registry.npmjs.org/eslint/-/eslint-9.39.5.tgz 4587ms (cache hit)
npm http cache https://registry.npmjs.org/update-browserslist-db/-/update-browserslist-db-1.2.3.tgz 4674ms (cache hit)
npm http cache https://registry.npmjs.org/baseline-browser-mapping/-/baseline-browser-mapping-2.11.1.tgz 4822ms (cache hit)
npm http cache https://registry.npmjs.org/semver/-/semver-6.3.1.tgz 4720ms (cache hit)
npm http cache https://registry.npmjs.org/semver/-/semver-7.8.5.tgz 5023ms (cache hit)
npm http cache https://registry.npmjs.org/semver/-/semver-7.8.5.tgz 5060ms (cache hit)
npm http cache https://registry.npmjs.org/nanoid/-/nanoid-3.3.16.tgz 4814ms (cache hit)
npm http cache https://registry.npmjs.org/loose-envify/-/loose-envify-1.4.0.tgz 5076ms (cache hit)
npm http cache https://registry.npmjs.org/typescript/-/typescript-5.9.3.tgz 5179ms (cache hit)
npm http cache https://registry.npmjs.org/napi-postinstall/-/napi-postinstall-0.3.4.tgz 5592ms (cache hit)
npm http cache https://registry.npmjs.org/jiti/-/jiti-2.7.0.tgz 5627ms (cache hit)
npm http cache https://registry.npmjs.org/json5/-/json5-1.0.2.tgz 5628ms (cache hit)
npm http fetch GET 200 https://registry.npmjs.org/isexe/-/isexe-2.0.0.tgz 9291ms (cache miss)
npm http cache https://registry.npmjs.org/semver/-/semver-7.8.5.tgz 5319ms (cache hit)
npm http cache https://registry.npmjs.org/json5/-/json5-2.2.3.tgz 6267ms (cache hit)
npm http cache https://registry.npmjs.org/jsesc/-/jsesc-3.1.0.tgz 8235ms (cache hit)
npm http cache https://registry.npmjs.org/browserslist/-/browserslist-4.28.7.tgz 8052ms (cache hit)
npm http fetch GET 200 https://registry.npmjs.org/next 9216ms (cache revalidated)
npm http fetch GET 200 https://registry.npmjs.org/@babel/parser/-/parser-7.29.7.tgz 11827ms (cache revalidated)
npm http fetch GET 200 https://registry.npmjs.org/argparse/-/argparse-2.0.1.tgz 21092ms (cache miss)
^CTerminate batch job (Y/N)? ^C
